// Jest Snapshot v1, https://goo.gl/fbAQLP

exports[`translate poFile 1`] = `
"msgid \\"\\"
msgstr \\"\\"
\\"Content-Type: text/plain; charset=utf-8\\\\n\\"
\\"Plural-Forms: nplurals=2; plural=(n!=1);\\\\n\\"

#: tests/fixtures/checkTest/check-trans-exist.js:2
#: tests/fixtures/checkTest/check-trans-exist.js:3
msgid \\"test\\"
msgstr \\"test\\"

msgid \\"test_plural\\"
msgid_plural \\"test_plural\\"
msgstr[0] \\"test1\\"
msgstr[1] \\"test2\\"
"
`;
