// Jest Snapshot v1, https://goo.gl/fbAQLP

exports[`display basic file stats 1`] = `
"[32mTOTAL:[39m 3
[32mCONTEXTS:[39m 1
[32mTRANSLATED:[39m 1
[32mFUZZY:[39m 0
[[32m#[39m[32m#[39m[32m#[39m[32m#[39m[32m#[39m[32m#[39m[32m#[39m[32m#[39m[32m#[39m[32m#[39m[32m#[39m[32m#[39m[32m#[39m[32m#[39m[32m#[39m[32m#[39m[32m#[39m[90mÂ·[39m[90mÂ·[39m[90mÂ·[39m[90mÂ·[39m[90mÂ·[39m[90mÂ·[39m[90mÂ·[39m[90mÂ·[39m[90mÂ·[39m[90mÂ·[39m[90mÂ·[39m[90mÂ·[39m[90mÂ·[39m[90mÂ·[39m[90mÂ·[39m[90mÂ·[39m[90mÂ·[39m[90mÂ·[39m[90mÂ·[39m[90mÂ·[39m[90mÂ·[39m[90mÂ·[39m[90mÂ·[39m[90mÂ·[39m[90mÂ·[39m[90mÂ·[39m[90mÂ·[39m[90mÂ·[39m[90mÂ·[39m[90mÂ·[39m[90mÂ·[39m[90mÂ·[39m[90mÂ·[39m] 33% 1/2/3
"
`;
